﻿
> frontend@0.0.0 build
> vite build

[36mvite v7.3.0 [32mbuilding client environment for production...[36m[39m
transforming...
[32mΓ£ô[39m 34 modules transformed.
node.exe : 
[31mΓ£ù[39m Build 
failed in 272ms
At line:1 char:1
+ & "C:\Program File
s\nodejs/node.exe" 
"C:\Program Files\no
dejs/node_mo ...
+ ~~~~~~~~~~~~~~~~~~
~~~~~~~~~~~~~~~~~~~~
~~~~~~~~~~~~~~~~~~~~
~~~~~~~~~~~
    + CategoryInfo  
            : NotS  
  pecified: ([31   
 mΓ£ù[39m Build    
 failed in 272m    
s:String) [], R    
emoteException
    + FullyQualifie 
   dErrorId : Nati  
  veCommandError
 
[31merror during 
build:
[31m[vite]: Rollup 
failed to resolve 
import "axios" from 
"C:/Users/Lenovo/One
Drive/Documents/MyCo
des/Projects/ResumeR
anker/frontend/src/c
ontext/AuthContext.j
sx".
This is most likely 
unintended because 
it can break your 
application at 
runtime.
If you do want to 
externalize this 
module explicitly 
add it to
`build.rollupOptions
.external`[31m
    at viteLog (file
:///C:/Users/Lenovo/
OneDrive/Documents/M
yCodes/Projects/Resu
meRanker/frontend/no
de_modules/vite/dist
/node/chunks/config.
js:33634:57)
    at file:///C:/Us
ers/Lenovo/OneDrive/
Documents/MyCodes/Pr
ojects/ResumeRanker/
frontend/node_module
s/vite/dist/node/chu
nks/config.js:33668:
73
    at onwarn (file:
///C:/Users/Lenovo/O
neDrive/Documents/My
Codes/Projects/Resum
eRanker/frontend/nod
e_modules/@vitejs/pl
ugin-react/dist/inde
x.js:76:7)
    at file:///C:/Us
ers/Lenovo/OneDrive/
Documents/MyCodes/Pr
ojects/ResumeRanker/
frontend/node_module
s/vite/dist/node/chu
nks/config.js:33668:
28
    at onRollupLog (
file:///C:/Users/Len
ovo/OneDrive/Documen
ts/MyCodes/Projects/
ResumeRanker/fronten
d/node_modules/vite/
dist/node/chunks/con
fig.js:33663:63)
    at onLog (file:/
//C:/Users/Lenovo/On
eDrive/Documents/MyC
odes/Projects/Resume
Ranker/frontend/node
_modules/vite/dist/n
ode/chunks/config.js
:33466:4)
    at file:///C:/Us
ers/Lenovo/OneDrive/
Documents/MyCodes/Pr
ojects/ResumeRanker/
frontend/node_module
s/rollup/dist/es/sha
red/node-entry.js:21
032:32
    at 
Object.logger [as 
onLog] (file:///C:/U
sers/Lenovo/OneDrive
/Documents/MyCodes/P
rojects/ResumeRanker
/frontend/node_modul
es/rollup/dist/es/sh
ared/node-entry.js:2
2919:9)
    at ModuleLoader.
handleInvalidResolve
dId (file:///C:/User
s/Lenovo/OneDrive/Do
cuments/MyCodes/Proj
ects/ResumeRanker/fr
ontend/node_modules/
rollup/dist/es/share
d/node-entry.js:2166
3:26)
    at file:///C:/Us
ers/Lenovo/OneDrive/
Documents/MyCodes/Pr
ojects/ResumeRanker/
frontend/node_module
s/rollup/dist/es/sha
red/node-entry.js:21
621:26[39m
